Archive member included because of file (symbol)

C:\CSR_uEnergy_SDK-2.3.0.31\tools\lib\CSR101x_A05\libgatt_lib_ram.a(patch_ls_app_if.o)
                              depend_Release_CSR101x_A05\eeg_sensor.o (LsRadioEventNotification)
C:\CSR_uEnergy_SDK-2.3.0.31\tools\lib\CSR101x_A05\libgatt_lib_ram.a(ls_app_if_ram.o)
                              depend_Release_CSR101x_A05\eeg_sensor_gatt.o (LsReadTransmitPowerLevel)
C:\CSR_uEnergy_SDK-2.3.0.31\tools\lib\CSR101x_A05\libgatt_lib_ram.a(patch_ls_advertising_if.o)
                              C:\CSR_uEnergy_SDK-2.3.0.31\tools\lib\CSR101x_A05\libgatt_lib_ram.a(patch_ls_app_if.o) (___libgatt_lib_db_4563)
C:\CSR_uEnergy_SDK-2.3.0.31\tools\lib\CSR101x_A05\libgatt_lib_ram.a(gatt_ram.o)
                              depend_Release_CSR101x_A05\eeg_sensor.o (GattInit)
C:\CSR_uEnergy_SDK-2.3.0.31\tools\lib\CSR101x_A05\libgatt_lib_ram.a(patch_gatt.o)
                              depend_Release_CSR101x_A05\eeg_sensor_gatt.o (GattCancelConnectReq)
C:\CSR_uEnergy_SDK-2.3.0.31\tools\lib\CSR101x_A05\libgatt_lib_ram.a(sm_ram.o)
                              C:\CSR_uEnergy_SDK-2.3.0.31\tools\lib\CSR101x_A05\libgatt_lib_ram.a(gatt_ram.o) (___libgatt_lib_db_476)
C:\CSR_uEnergy_SDK-2.3.0.31\tools\lib\CSR101x_A05\libgatt_lib_ram.a(sm_div.o)
                              depend_Release_CSR101x_A05\eeg_sensor.o (SMDivApproval)
C:\CSR_uEnergy_SDK-2.3.0.31\tools\lib\CSR101x_A05\libgatt_lib_ram.a(patch_sm.o)
                              C:\CSR_uEnergy_SDK-2.3.0.31\tools\lib\CSR101x_A05\libgatt_lib_ram.a(sm_ram.o) (sm_pairing_auth_ind)
C:\CSR_uEnergy_SDK-2.3.0.31\tools\lib\CSR101x_A05\libgatt_lib_ram.a(debug.o)
                              depend_Release_CSR101x_A05\eeg_service.o (DebugWriteString)
C:\CSR_uEnergy_SDK-2.3.0.31\tools\lib\CSR101x_A05\libgatt_lib_ram.a(patch_george.o)
                              C:\CSR_uEnergy_SDK-2.3.0.31\tools\lib\CSR101x_A05\libgatt_lib_ram.a(patch_ls_app_if.o) (___libgatt_lib_db_4596)
C:\CSR_uEnergy_SDK-2.3.0.31\tools\lib\CSR101x_A05\libgatt_lib_ram.a(patch_george_ll.o)
                              C:\CSR_uEnergy_SDK-2.3.0.31\tools\lib\CSR101x_A05\libgatt_lib_ram.a(patch_george.o) (___libgatt_lib_db_4608)
C:\CSR_uEnergy_SDK-2.3.0.31\tools\lib\CSR101x_A05\libgatt_lib_ram.a(patch_dbase.o)
                              C:\CSR_uEnergy_SDK-2.3.0.31\tools\lib\CSR101x_A05\libgatt_lib_ram.a(patch_george.o) (___libgatt_lib_db_4619)
C:\CSR_uEnergy_SDK-2.3.0.31\tools\lib\CSR101x_A05\libgatt_lib_ram.a(hal_debugbus_state.o)
                              C:\CSR_uEnergy_SDK-2.3.0.31\tools\lib\CSR101x_A05\libgatt_lib_ram.a(patch_george_ll.o) (___libgatt_lib_db_4640)
C:\CSR_uEnergy_SDK-2.3.0.31\tools\lib\CSR101x_A05\libgatt_lib_ram.a(patch_halradiotrim.o)
                              C:\CSR_uEnergy_SDK-2.3.0.31\tools\lib\CSR101x_A05\libgatt_lib_ram.a(ls_app_if_ram.o) (___libgatt_lib_db_4645)
C:\CSR_uEnergy_SDK-2.3.0.31\tools\lib\CSR101x_A05\libgatt_lib_ram.a(patch_timer.o)
                              C:\CSR_uEnergy_SDK-2.3.0.31\tools\lib\CSR101x_A05\libgatt_lib_ram.a(patch_ls_app_if.o) (___libgatt_lib_db_4656)
C:\CSR_uEnergy_SDK-2.3.0.31\tools\lib\CSR101x_A05\libgatt_lib_ram.a(patch_sleeprequest.o)
                              depend_Release_CSR101x_A05\eeg_sensor.o (SleepRequest)
C:\CSR_uEnergy_SDK-2.3.0.31\tools\lib\CSR101x_A05\libgatt_lib_ram.a(main_ram.o)
                              (main_ram_app_init)
C:\CSR_uEnergy_SDK-2.3.0.31\tools\lib\CSR101x_A05\libgatt_lib_ram.a(hw_patch_install.o)
                              C:\CSR_uEnergy_SDK-2.3.0.31\tools\lib\CSR101x_A05\libgatt_lib_ram.a(main_ram.o) (___libgatt_lib_db_4364)
C:\CSR_uEnergy_SDK-2.3.0.31\tools\lib\CSR101x_A05\libgatt_lib_ram.a(patch_baldrick.o)
                              (hw_patch)
C:\CSR_uEnergy_SDK-2.3.0.31\tools\lib\CSR101x_A05\libgatt_lib_ram.a(patch_i2c_app_mem_mgr.o)
                              depend_Release_CSR101x_A05\eeg_sensor.o (NvmConfigureI2cEeprom)
C:\CSR_uEnergy_SDK-2.3.0.31\tools\lib\CSR101x_A05\libgatt_lib_ram.a(patch_robs_aio.o)
                              depend_Release_CSR101x_A05\eeg_service.o (AioRead)
C:\CSR_uEnergy_SDK-2.3.0.31\tools\lib\CSR101x_A05\libgatt_lib_ram.a(id_ram.o)
                              C:\CSR_uEnergy_SDK-2.3.0.31\tools\lib\CSR101x_A05\libgatt_lib_ram.a(patch_george_ll.o) (IdGetLlVerBtle)
C:\CSR_uEnergy_SDK-2.3.0.31\tools\lib\CSR101x_A05\libgatt_lib_ram.a(slut.o)
                              (slut)
C:\CSR_uEnergy_SDK-2.3.0.31\tools\lib\CSR101x_A05\libgatt_lib_ram.a(sw_patch_ram.o)
                              (patch_bitmap)
C:\CSR_uEnergy_SDK-2.3.0.31\tools\lib\CSR101x_A05\libgatt_lib_ram.a(CONFIG_STORE.o)
                              (___libgatt_lib_db_4269)
C:\CSR_uEnergy_SDK-2.3.0.31\tools\lib\CSR101x_A05\libgatt_lib_ram.a(.romradiodata.o)
                              (DATA_TIMERSTRUCT_START)
C:\CSR_uEnergy_SDK-2.3.0.31\tools\lib\CSR101x_A05\libgatt_lib_ram.a(patch_ls_l2cap_if.o)
                              C:\CSR_uEnergy_SDK-2.3.0.31\tools\lib\CSR101x_A05\libgatt_lib_ram.a(sw_patch_ram.o) (___libgatt_lib_db_4565)
C:\CSR_uEnergy_SDK-2.3.0.31\tools\lib\CSR101x_A05\libgatt_lib_ram.a(patch_att_install.o)
                              C:\CSR_uEnergy_SDK-2.3.0.31\tools\lib\CSR101x_A05\libgatt_lib_ram.a(sw_patch_ram.o) (___libgatt_lib_db_4567)
C:\CSR_uEnergy_SDK-2.3.0.31\tools\lib\CSR101x_A05\libgatt_lib_ram.a(patch_george_adv.o)
                              C:\CSR_uEnergy_SDK-2.3.0.31\tools\lib\CSR101x_A05\libgatt_lib_ram.a(sw_patch_ram.o) (___libgatt_lib_db_4615)
C:\CSR_uEnergy_SDK-2.3.0.31\tools\lib\CSR101x_A05\libgatt_lib_ram.a(patch_halradio.o)
                              C:\CSR_uEnergy_SDK-2.3.0.31\tools\lib\CSR101x_A05\libgatt_lib_ram.a(sw_patch_ram.o) (___libgatt_lib_db_4652)
C:\CSR_uEnergy_SDK-2.3.0.31\tools\lib\CSR101x_A05\libgatt_lib_ram.a(patch_reset.o)
                              C:\CSR_uEnergy_SDK-2.3.0.31\tools\lib\CSR101x_A05\libgatt_lib_ram.a(sw_patch_ram.o) (___libgatt_lib_db_4207)
C:\CSR_uEnergy_SDK-2.3.0.31\tools\lib\CSR101x_A05\libgatt_lib_ram.a(patch_pools.o)
                              C:\CSR_uEnergy_SDK-2.3.0.31\tools\lib\CSR101x_A05\libgatt_lib_ram.a(sw_patch_ram.o) (___libgatt_lib_db_4657)
C:\CSR_uEnergy_SDK-2.3.0.31\tools\lib\CSR101x_A05\libgatt_lib_ram.a(patch_background_loop.o)
                              C:\CSR_uEnergy_SDK-2.3.0.31\tools\lib\CSR101x_A05\libgatt_lib_ram.a(sw_patch_ram.o) (___libgatt_lib_db_4660)
C:\CSR_uEnergy_SDK-2.3.0.31\tools\lib\CSR101x_A05\libgatt_lib_ram.a(patch_fault.o)
                              C:\CSR_uEnergy_SDK-2.3.0.31\tools\lib\CSR101x_A05\libgatt_lib_ram.a(sw_patch_ram.o) (___libgatt_lib_db_4662)
C:\CSR_uEnergy_SDK-2.3.0.31\tools\lib\CSR101x_A05\libgatt_lib_ram.a(patch_pmu.o)
                              C:\CSR_uEnergy_SDK-2.3.0.31\tools\lib\CSR101x_A05\libgatt_lib_ram.a(sw_patch_ram.o) (___libgatt_lib_db_4670)
C:\CSR_uEnergy_SDK-2.3.0.31\tools\lib\CSR101x_A05\libgatt_lib_ram.a(patch_thermometer.o)
                              C:\CSR_uEnergy_SDK-2.3.0.31\tools\lib\CSR101x_A05\libgatt_lib_ram.a(sw_patch_ram.o) (___libgatt_lib_db_4214)

Allocating common symbols
Common symbol       size              file

sm_long_term_key_ind
                    0x1               C:\CSR_uEnergy_SDK-2.3.0.31\tools\lib\CSR101x_A05\libgatt_lib_ram.a(patch_sm.o)
sm_pairing_auth_ind
                    0x1               C:\CSR_uEnergy_SDK-2.3.0.31\tools\lib\CSR101x_A05\libgatt_lib_ram.a(patch_sm.o)
g_app_hw_data       0x4               depend_Release_CSR101x_A05\eeg_sensor_hw.o
enable_lowduty_directed_adv
                    0x1               C:\CSR_uEnergy_SDK-2.3.0.31\tools\lib\CSR101x_A05\libgatt_lib_ram.a(patch_george.o)
g_hr_data           0x42              depend_Release_CSR101x_A05\eeg_sensor.o
george_earliest_transmit_offset
                    0x3               C:\CSR_uEnergy_SDK-2.3.0.31\tools\lib\CSR101x_A05\libgatt_lib_ram.a(patch_george_ll.o)

Discarded input sections

 .text          0x00000000        0x0 depend_Release_CSR101x_A05\app_gatt_db.o
 .data          0x00000000        0x0 depend_Release_CSR101x_A05\app_gatt_db.o
 .bss           0x00000000        0x0 depend_Release_CSR101x_A05\app_gatt_db.o
 .text          0x00000000        0x0 depend_Release_CSR101x_A05\battery_service.o
 .data          0x00000000        0x0 depend_Release_CSR101x_A05\battery_service.o
 .bss           0x00000000        0x0 depend_Release_CSR101x_A05\battery_service.o
 .text          0x00000000        0x0 depend_Release_CSR101x_A05\gap_service.o
 .data          0x00000000        0x0 depend_Release_CSR101x_A05\gap_service.o
 .bss           0x00000000        0x0 depend_Release_CSR101x_A05\gap_service.o
 .text          0x00000000        0x0 depend_Release_CSR101x_A05\eeg_service.o
 .data          0x00000000        0x0 depend_Release_CSR101x_A05\eeg_service.o
 .bss           0x00000000        0x0 depend_Release_CSR101x_A05\eeg_service.o
 .data.credits  0x00000000        0x0 depend_Release_CSR101x_A05\eeg_service.o
 .text          0x00000000        0x0 depend_Release_CSR101x_A05\eeg_sensor.o
 .data          0x00000000        0x0 depend_Release_CSR101x_A05\eeg_sensor.o
 .bss           0x00000000        0x0 depend_Release_CSR101x_A05\eeg_sensor.o
 .text          0x00000000        0x0 depend_Release_CSR101x_A05\eeg_sensor_gatt.o
 .data          0x00000000        0x0 depend_Release_CSR101x_A05\eeg_sensor_gatt.o
 .bss           0x00000000        0x0 depend_Release_CSR101x_A05\eeg_sensor_gatt.o
 .text          0x00000000        0x0 depend_Release_CSR101x_A05\eeg_sensor_hw.o
 .data          0x00000000        0x0 depend_Release_CSR101x_A05\eeg_sensor_hw.o
 .bss           0x00000000        0x0 depend_Release_CSR101x_A05\eeg_sensor_hw.o
 .text          0x00000000        0x0 depend_Release_CSR101x_A05\nvm_access.o
 .data          0x00000000        0x0 depend_Release_CSR101x_A05\nvm_access.o
 .bss           0x00000000        0x0 depend_Release_CSR101x_A05\nvm_access.o
 .text          0x00000000        0x0 depend_Release_CSR101x_A05\dev_info_service.o
 .data          0x00000000        0x0 depend_Release_CSR101x_A05\dev_info_service.o
 .bss           0x00000000        0x0 depend_Release_CSR101x_A05\dev_info_service.o
 .text          0x00000000        0x0 C:\CSR_uEnergy_SDK-2.3.0.31\tools\lib\CSR101x_A05\libgatt_lib_ram.a(patch_ls_app_if.o)
 .data          0x00000000        0x0 C:\CSR_uEnergy_SDK-2.3.0.31\tools\lib\CSR101x_A05\libgatt_lib_ram.a(patch_ls_app_if.o)
 .bss           0x00000000        0x0 C:\CSR_uEnergy_SDK-2.3.0.31\tools\lib\CSR101x_A05\libgatt_lib_ram.a(patch_ls_app_if.o)
 .text.LsSetTgapConnParamTimeout
                0x00000000        0x0 C:\CSR_uEnergy_SDK-2.3.0.31\tools\lib\CSR101x_A05\libgatt_lib_ram.a(patch_ls_app_if.o)
 .text.LsRxTimingReport
                0x00000000        0x0 C:\CSR_uEnergy_SDK-2.3.0.31\tools\lib\CSR101x_A05\libgatt_lib_ram.a(patch_ls_app_if.o)
 .text.LsHoldTxUntilRx
                0x00000000        0x0 C:\CSR_uEnergy_SDK-2.3.0.31\tools\lib\CSR101x_A05\libgatt_lib_ram.a(patch_ls_app_if.o)
 .text          0x00000000        0x0 C:\CSR_uEnergy_SDK-2.3.0.31\tools\lib\CSR101x_A05\libgatt_lib_ram.a(ls_app_if_ram.o)
 .data          0x00000000        0x0 C:\CSR_uEnergy_SDK-2.3.0.31\tools\lib\CSR101x_A05\libgatt_lib_ram.a(ls_app_if_ram.o)
 .bss           0x00000000        0x0 C:\CSR_uEnergy_SDK-2.3.0.31\tools\lib\CSR101x_A05\libgatt_lib_ram.a(ls_app_if_ram.o)
 .text.LsDisableSlaveLatency
                0x00000000        0x0 C:\CSR_uEnergy_SDK-2.3.0.31\tools\lib\CSR101x_A05\libgatt_lib_ram.a(ls_app_if_ram.o)
 .text.LsSetTransmitPowerLevel
                0x00000000        0x0 C:\CSR_uEnergy_SDK-2.3.0.31\tools\lib\CSR101x_A05\libgatt_lib_ram.a(ls_app_if_ram.o)
 .text          0x00000000        0x0 C:\CSR_uEnergy_SDK-2.3.0.31\tools\lib\CSR101x_A05\libgatt_lib_ram.a(patch_ls_advertising_if.o)
 .data          0x00000000        0x0 C:\CSR_uEnergy_SDK-2.3.0.31\tools\lib\CSR101x_A05\libgatt_lib_ram.a(patch_ls_advertising_if.o)
 .bss           0x00000000        0x0 C:\CSR_uEnergy_SDK-2.3.0.31\tools\lib\CSR101x_A05\libgatt_lib_ram.a(patch_ls_advertising_if.o)
 .text.LsStartStopAdvertise
                0x00000000        0x0 C:\CSR_uEnergy_SDK-2.3.0.31\tools\lib\CSR101x_A05\libgatt_lib_ram.a(patch_ls_advertising_if.o)
 .text          0x00000000        0x0 C:\CSR_uEnergy_SDK-2.3.0.31\tools\lib\CSR101x_A05\libgatt_lib_ram.a(gatt_ram.o)
 .data          0x00000000        0x0 C:\CSR_uEnergy_SDK-2.3.0.31\tools\lib\CSR101x_A05\libgatt_lib_ram.a(gatt_ram.o)
 .bss           0x00000000        0x0 C:\CSR_uEnergy_SDK-2.3.0.31\tools\lib\CSR101x_A05\libgatt_lib_ram.a(gatt_ram.o)
 .text          0x00000000        0x0 C:\CSR_uEnergy_SDK-2.3.0.31\tools\lib\CSR101x_A05\libgatt_lib_ram.a(patch_gatt.o)
 .data          0x00000000        0x0 C:\CSR_uEnergy_SDK-2.3.0.31\tools\lib\CSR101x_A05\libgatt_lib_ram.a(patch_gatt.o)
 .bss           0x00000000        0x0 C:\CSR_uEnergy_SDK-2.3.0.31\tools\lib\CSR101x_A05\libgatt_lib_ram.a(patch_gatt.o)
 .data          0x00000000        0x0 C:\CSR_uEnergy_SDK-2.3.0.31\tools\lib\CSR101x_A05\libgatt_lib_ram.a(sm_ram.o)
 .bss           0x00000000        0x0 C:\CSR_uEnergy_SDK-2.3.0.31\tools\lib\CSR101x_A05\libgatt_lib_ram.a(sm_ram.o)
 .data          0x00000000        0x0 C:\CSR_uEnergy_SDK-2.3.0.31\tools\lib\CSR101x_A05\libgatt_lib_ram.a(sm_div.o)
 .bss           0x00000000        0x0 C:\CSR_uEnergy_SDK-2.3.0.31\tools\lib\CSR101x_A05\libgatt_lib_ram.a(sm_div.o)
 .data          0x00000000        0x0 C:\CSR_uEnergy_SDK-2.3.0.31\tools\lib\CSR101x_A05\libgatt_lib_ram.a(patch_sm.o)
 .text          0x00000000        0x0 C:\CSR_uEnergy_SDK-2.3.0.31\tools\lib\CSR101x_A05\libgatt_lib_ram.a(debug.o)
 .data          0x00000000        0x0 C:\CSR_uEnergy_SDK-2.3.0.31\tools\lib\CSR101x_A05\libgatt_lib_ram.a(debug.o)
 .bss           0x00000000        0x0 C:\CSR_uEnergy_SDK-2.3.0.31\tools\lib\CSR101x_A05\libgatt_lib_ram.a(debug.o)
 .text.write_uint_n
                0x00000000        0x0 C:\CSR_uEnergy_SDK-2.3.0.31\tools\lib\CSR101x_A05\libgatt_lib_ram.a(debug.o)
 .text.DebugWriteTime48
                0x00000000        0x0 C:\CSR_uEnergy_SDK-2.3.0.31\tools\lib\CSR101x_A05\libgatt_lib_ram.a(debug.o)
 .text.DebugWriteUint32
                0x00000000        0x0 C:\CSR_uEnergy_SDK-2.3.0.31\tools\lib\CSR101x_A05\libgatt_lib_ram.a(debug.o)
 .text.DebugWriteUint16
                0x00000000        0x0 C:\CSR_uEnergy_SDK-2.3.0.31\tools\lib\CSR101x_A05\libgatt_lib_ram.a(debug.o)
 .text.DebugWriteUint8
                0x00000000        0x0 C:\CSR_uEnergy_SDK-2.3.0.31\tools\lib\CSR101x_A05\libgatt_lib_ram.a(debug.o)
 .text.DebugWriteChar
                0x00000000        0x0 C:\CSR_uEnergy_SDK-2.3.0.31\tools\lib\CSR101x_A05\libgatt_lib_ram.a(debug.o)
 .text          0x00000000        0x0 C:\CSR_uEnergy_SDK-2.3.0.31\tools\lib\CSR101x_A05\libgatt_lib_ram.a(patch_george.o)
 .data          0x00000000        0x0 C:\CSR_uEnergy_SDK-2.3.0.31\tools\lib\CSR101x_A05\libgatt_lib_ram.a(patch_george.o)
 .bss           0x00000000        0x0 C:\CSR_uEnergy_SDK-2.3.0.31\tools\lib\CSR101x_A05\libgatt_lib_ram.a(patch_george.o)
 .text.___libgatt_lib_db_4596
                0x00000000        0x0 C:\CSR_uEnergy_SDK-2.3.0.31\tools\lib\CSR101x_A05\libgatt_lib_ram.a(patch_george.o)
 .text.___libgatt_lib_db_4597
                0x00000000        0x0 C:\CSR_uEnergy_SDK-2.3.0.31\tools\lib\CSR101x_A05\libgatt_lib_ram.a(patch_george.o)
 .text.___libgatt_lib_db_4595
                0x00000000        0x0 C:\CSR_uEnergy_SDK-2.3.0.31\tools\lib\CSR101x_A05\libgatt_lib_ram.a(patch_george.o)
 .text          0x00000000        0x0 C:\CSR_uEnergy_SDK-2.3.0.31\tools\lib\CSR101x_A05\libgatt_lib_ram.a(patch_george_ll.o)
 .data          0x00000000        0x0 C:\CSR_uEnergy_SDK-2.3.0.31\tools\lib\CSR101x_A05\libgatt_lib_ram.a(patch_george_ll.o)
 .bss           0x00000000        0x0 C:\CSR_uEnergy_SDK-2.3.0.31\tools\lib\CSR101x_A05\libgatt_lib_ram.a(patch_george_ll.o)
 .text          0x00000000        0x0 C:\CSR_uEnergy_SDK-2.3.0.31\tools\lib\CSR101x_A05\libgatt_lib_ram.a(patch_dbase.o)
 .data          0x00000000        0x0 C:\CSR_uEnergy_SDK-2.3.0.31\tools\lib\CSR101x_A05\libgatt_lib_ram.a(patch_dbase.o)
 .bss           0x00000000        0x0 C:\CSR_uEnergy_SDK-2.3.0.31\tools\lib\CSR101x_A05\libgatt_lib_ram.a(patch_dbase.o)
 .text.dbase_safe_access_check_curr
                0x00000000        0x0 C:\CSR_uEnergy_SDK-2.3.0.31\tools\lib\CSR101x_A05\libgatt_lib_ram.a(patch_dbase.o)
 .text.___libgatt_lib_db_4627
                0x00000000        0x0 C:\CSR_uEnergy_SDK-2.3.0.31\tools\lib\CSR101x_A05\libgatt_lib_ram.a(patch_dbase.o)
 .text.___libgatt_lib_db_4623
                0x00000000        0x0 C:\CSR_uEnergy_SDK-2.3.0.31\tools\lib\CSR101x_A05\libgatt_lib_ram.a(patch_dbase.o)
 .text.___libgatt_lib_db_4628
                0x00000000        0x0 C:\CSR_uEnergy_SDK-2.3.0.31\tools\lib\CSR101x_A05\libgatt_lib_ram.a(patch_dbase.o)
 .text.___libgatt_lib_db_4624
                0x00000000        0x0 C:\CSR_uEnergy_SDK-2.3.0.31\tools\lib\CSR101x_A05\libgatt_lib_ram.a(patch_dbase.o)
 .text.___libgatt_lib_db_4626
                0x00000000        0x0 C:\CSR_uEnergy_SDK-2.3.0.31\tools\lib\CSR101x_A05\libgatt_lib_ram.a(patch_dbase.o)
 .text.___libgatt_lib_db_4622
                0x00000000        0x0 C:\CSR_uEnergy_SDK-2.3.0.31\tools\lib\CSR101x_A05\libgatt_lib_ram.a(patch_dbase.o)
 .text.___libgatt_lib_db_4625
                0x00000000        0x0 C:\CSR_uEnergy_SDK-2.3.0.31\tools\lib\CSR101x_A05\libgatt_lib_ram.a(patch_dbase.o)
 .text.___libgatt_lib_db_4621
                0x00000000        0x0 C:\CSR_uEnergy_SDK-2.3.0.31\tools\lib\CSR101x_A05\libgatt_lib_ram.a(patch_dbase.o)
 .text          0x00000000        0x0 C:\CSR_uEnergy_SDK-2.3.0.31\tools\lib\CSR101x_A05\libgatt_lib_ram.a(hal_debugbus_state.o)
 .data          0x00000000        0x0 C:\CSR_uEnergy_SDK-2.3.0.31\tools\lib\CSR101x_A05\libgatt_lib_ram.a(hal_debugbus_state.o)
 .bss           0x00000000        0x0 C:\CSR_uEnergy_SDK-2.3.0.31\tools\lib\CSR101x_A05\libgatt_lib_ram.a(hal_debugbus_state.o)
 .text          0x00000000        0x0 C:\CSR_uEnergy_SDK-2.3.0.31\tools\lib\CSR101x_A05\libgatt_lib_ram.a(patch_halradiotrim.o)
 .data          0x00000000        0x0 C:\CSR_uEnergy_SDK-2.3.0.31\tools\lib\CSR101x_A05\libgatt_lib_ram.a(patch_halradiotrim.o)
 .bss           0x00000000        0x0 C:\CSR_uEnergy_SDK-2.3.0.31\tools\lib\CSR101x_A05\libgatt_lib_ram.a(patch_halradiotrim.o)
 .text.___libgatt_lib_db_4016
                0x00000000        0x0 C:\CSR_uEnergy_SDK-2.3.0.31\tools\lib\CSR101x_A05\libgatt_lib_ram.a(patch_halradiotrim.o)
 .text.___libgatt_lib_db_4643
                0x00000000        0x0 C:\CSR_uEnergy_SDK-2.3.0.31\tools\lib\CSR101x_A05\libgatt_lib_ram.a(patch_halradiotrim.o)
 .text          0x00000000        0x0 C:\CSR_uEnergy_SDK-2.3.0.31\tools\lib\CSR101x_A05\libgatt_lib_ram.a(patch_timer.o)
 .data          0x00000000        0x0 C:\CSR_uEnergy_SDK-2.3.0.31\tools\lib\CSR101x_A05\libgatt_lib_ram.a(patch_timer.o)
 .bss           0x00000000        0x0 C:\CSR_uEnergy_SDK-2.3.0.31\tools\lib\CSR101x_A05\libgatt_lib_ram.a(patch_timer.o)
 .text          0x00000000        0x0 C:\CSR_uEnergy_SDK-2.3.0.31\tools\lib\CSR101x_A05\libgatt_lib_ram.a(patch_sleeprequest.o)
 .data          0x00000000        0x0 C:\CSR_uEnergy_SDK-2.3.0.31\tools\lib\CSR101x_A05\libgatt_lib_ram.a(patch_sleeprequest.o)
 .bss           0x00000000        0x0 C:\CSR_uEnergy_SDK-2.3.0.31\tools\lib\CSR101x_A05\libgatt_lib_ram.a(patch_sleeprequest.o)
 .text          0x00000000        0x0 C:\CSR_uEnergy_SDK-2.3.0.31\tools\lib\CSR101x_A05\libgatt_lib_ram.a(main_ram.o)
 .data          0x00000000        0x0 C:\CSR_uEnergy_SDK-2.3.0.31\tools\lib\CSR101x_A05\libgatt_lib_ram.a(main_ram.o)
 .bss           0x00000000        0x0 C:\CSR_uEnergy_SDK-2.3.0.31\tools\lib\CSR101x_A05\libgatt_lib_ram.a(main_ram.o)
 .text          0x00000000        0x0 C:\CSR_uEnergy_SDK-2.3.0.31\tools\lib\CSR101x_A05\libgatt_lib_ram.a(hw_patch_install.o)
 .data          0x00000000        0x0 C:\CSR_uEnergy_SDK-2.3.0.31\tools\lib\CSR101x_A05\libgatt_lib_ram.a(hw_patch_install.o)
 .bss           0x00000000        0x0 C:\CSR_uEnergy_SDK-2.3.0.31\tools\lib\CSR101x_A05\libgatt_lib_ram.a(hw_patch_install.o)
 .text          0x00000000        0x0 C:\CSR_uEnergy_SDK-2.3.0.31\tools\lib\CSR101x_A05\libgatt_lib_ram.a(patch_baldrick.o)
 .data          0x00000000        0x0 C:\CSR_uEnergy_SDK-2.3.0.31\tools\lib\CSR101x_A05\libgatt_lib_ram.a(patch_baldrick.o)
 .bss           0x00000000        0x0 C:\CSR_uEnergy_SDK-2.3.0.31\tools\lib\CSR101x_A05\libgatt_lib_ram.a(patch_baldrick.o)
 .text          0x00000000        0x0 C:\CSR_uEnergy_SDK-2.3.0.31\tools\lib\CSR101x_A05\libgatt_lib_ram.a(patch_i2c_app_mem_mgr.o)
 .data          0x00000000        0x0 C:\CSR_uEnergy_SDK-2.3.0.31\tools\lib\CSR101x_A05\libgatt_lib_ram.a(patch_i2c_app_mem_mgr.o)
 .bss           0x00000000        0x0 C:\CSR_uEnergy_SDK-2.3.0.31\tools\lib\CSR101x_A05\libgatt_lib_ram.a(patch_i2c_app_mem_mgr.o)
 .text          0x00000000        0x0 C:\CSR_uEnergy_SDK-2.3.0.31\tools\lib\CSR101x_A05\libgatt_lib_ram.a(patch_robs_aio.o)
 .data          0x00000000        0x0 C:\CSR_uEnergy_SDK-2.3.0.31\tools\lib\CSR101x_A05\libgatt_lib_ram.a(patch_robs_aio.o)
 .bss           0x00000000        0x0 C:\CSR_uEnergy_SDK-2.3.0.31\tools\lib\CSR101x_A05\libgatt_lib_ram.a(patch_robs_aio.o)
 .text.AioSetDig
                0x00000000        0x0 C:\CSR_uEnergy_SDK-2.3.0.31\tools\lib\CSR101x_A05\libgatt_lib_ram.a(patch_robs_aio.o)
 .text.AioDrive
                0x00000000        0x0 C:\CSR_uEnergy_SDK-2.3.0.31\tools\lib\CSR101x_A05\libgatt_lib_ram.a(patch_robs_aio.o)
 .text          0x00000000        0x0 C:\CSR_uEnergy_SDK-2.3.0.31\tools\lib\CSR101x_A05\libgatt_lib_ram.a(id_ram.o)
 .data          0x00000000        0x0 C:\CSR_uEnergy_SDK-2.3.0.31\tools\lib\CSR101x_A05\libgatt_lib_ram.a(id_ram.o)
 .bss           0x00000000        0x0 C:\CSR_uEnergy_SDK-2.3.0.31\tools\lib\CSR101x_A05\libgatt_lib_ram.a(id_ram.o)
 .text          0x00000000        0x0 C:\CSR_uEnergy_SDK-2.3.0.31\tools\lib\CSR101x_A05\libgatt_lib_ram.a(slut.o)
 .data          0x00000000        0x0 C:\CSR_uEnergy_SDK-2.3.0.31\tools\lib\CSR101x_A05\libgatt_lib_ram.a(slut.o)
 .bss           0x00000000        0x0 C:\CSR_uEnergy_SDK-2.3.0.31\tools\lib\CSR101x_A05\libgatt_lib_ram.a(slut.o)
 .text          0x00000000        0x0 C:\CSR_uEnergy_SDK-2.3.0.31\tools\lib\CSR101x_A05\libgatt_lib_ram.a(sw_patch_ram.o)
 .data          0x00000000        0x0 C:\CSR_uEnergy_SDK-2.3.0.31\tools\lib\CSR101x_A05\libgatt_lib_ram.a(sw_patch_ram.o)
 .bss           0x00000000        0x0 C:\CSR_uEnergy_SDK-2.3.0.31\tools\lib\CSR101x_A05\libgatt_lib_ram.a(sw_patch_ram.o)
 .text          0x00000000        0x0 C:\CSR_uEnergy_SDK-2.3.0.31\tools\lib\CSR101x_A05\libgatt_lib_ram.a(patch_ls_l2cap_if.o)
 .data          0x00000000        0x0 C:\CSR_uEnergy_SDK-2.3.0.31\tools\lib\CSR101x_A05\libgatt_lib_ram.a(patch_ls_l2cap_if.o)
 .bss           0x00000000        0x0 C:\CSR_uEnergy_SDK-2.3.0.31\tools\lib\CSR101x_A05\libgatt_lib_ram.a(patch_ls_l2cap_if.o)
 .text          0x00000000        0x0 C:\CSR_uEnergy_SDK-2.3.0.31\tools\lib\CSR101x_A05\libgatt_lib_ram.a(patch_att_install.o)
 .data          0x00000000        0x0 C:\CSR_uEnergy_SDK-2.3.0.31\tools\lib\CSR101x_A05\libgatt_lib_ram.a(patch_att_install.o)
 .bss           0x00000000        0x0 C:\CSR_uEnergy_SDK-2.3.0.31\tools\lib\CSR101x_A05\libgatt_lib_ram.a(patch_att_install.o)
 .text          0x00000000        0x0 C:\CSR_uEnergy_SDK-2.3.0.31\tools\lib\CSR101x_A05\libgatt_lib_ram.a(patch_george_adv.o)
 .data          0x00000000        0x0 C:\CSR_uEnergy_SDK-2.3.0.31\tools\lib\CSR101x_A05\libgatt_lib_ram.a(patch_george_adv.o)
 .bss           0x00000000        0x0 C:\CSR_uEnergy_SDK-2.3.0.31\tools\lib\CSR101x_A05\libgatt_lib_ram.a(patch_george_adv.o)
 .text          0x00000000        0x0 C:\CSR_uEnergy_SDK-2.3.0.31\tools\lib\CSR101x_A05\libgatt_lib_ram.a(patch_halradio.o)
 .data          0x00000000        0x0 C:\CSR_uEnergy_SDK-2.3.0.31\tools\lib\CSR101x_A05\libgatt_lib_ram.a(patch_halradio.o)
 .bss           0x00000000        0x0 C:\CSR_uEnergy_SDK-2.3.0.31\tools\lib\CSR101x_A05\libgatt_lib_ram.a(patch_halradio.o)
 .text          0x00000000        0x0 C:\CSR_uEnergy_SDK-2.3.0.31\tools\lib\CSR101x_A05\libgatt_lib_ram.a(patch_reset.o)
 .data          0x00000000        0x0 C:\CSR_uEnergy_SDK-2.3.0.31\tools\lib\CSR101x_A05\libgatt_lib_ram.a(patch_reset.o)
 .bss           0x00000000        0x0 C:\CSR_uEnergy_SDK-2.3.0.31\tools\lib\CSR101x_A05\libgatt_lib_ram.a(patch_reset.o)
 .text          0x00000000        0x0 C:\CSR_uEnergy_SDK-2.3.0.31\tools\lib\CSR101x_A05\libgatt_lib_ram.a(patch_pools.o)
 .data          0x00000000        0x0 C:\CSR_uEnergy_SDK-2.3.0.31\tools\lib\CSR101x_A05\libgatt_lib_ram.a(patch_pools.o)
 .bss           0x00000000        0x0 C:\CSR_uEnergy_SDK-2.3.0.31\tools\lib\CSR101x_A05\libgatt_lib_ram.a(patch_pools.o)
 .text          0x00000000        0x0 C:\CSR_uEnergy_SDK-2.3.0.31\tools\lib\CSR101x_A05\libgatt_lib_ram.a(patch_background_loop.o)
 .data          0x00000000        0x0 C:\CSR_uEnergy_SDK-2.3.0.31\tools\lib\CSR101x_A05\libgatt_lib_ram.a(patch_background_loop.o)
 .bss           0x00000000        0x0 C:\CSR_uEnergy_SDK-2.3.0.31\tools\lib\CSR101x_A05\libgatt_lib_ram.a(patch_background_loop.o)
 .text          0x00000000        0x0 C:\CSR_uEnergy_SDK-2.3.0.31\tools\lib\CSR101x_A05\libgatt_lib_ram.a(patch_fault.o)
 .data          0x00000000        0x0 C:\CSR_uEnergy_SDK-2.3.0.31\tools\lib\CSR101x_A05\libgatt_lib_ram.a(patch_fault.o)
 .bss           0x00000000        0x0 C:\CSR_uEnergy_SDK-2.3.0.31\tools\lib\CSR101x_A05\libgatt_lib_ram.a(patch_fault.o)
 .text.PanicReadFwFault
                0x00000000        0x0 C:\CSR_uEnergy_SDK-2.3.0.31\tools\lib\CSR101x_A05\libgatt_lib_ram.a(patch_fault.o)
 .text.PanicClearFwFault
                0x00000000        0x0 C:\CSR_uEnergy_SDK-2.3.0.31\tools\lib\CSR101x_A05\libgatt_lib_ram.a(patch_fault.o)
 .bss.__PATCH__ZERO_
                0x00000000        0x0 C:\CSR_uEnergy_SDK-2.3.0.31\tools\lib\CSR101x_A05\libgatt_lib_ram.a(patch_fault.o)
 .text          0x00000000        0x0 C:\CSR_uEnergy_SDK-2.3.0.31\tools\lib\CSR101x_A05\libgatt_lib_ram.a(patch_pmu.o)
 .data          0x00000000        0x0 C:\CSR_uEnergy_SDK-2.3.0.31\tools\lib\CSR101x_A05\libgatt_lib_ram.a(patch_pmu.o)
 .bss           0x00000000        0x0 C:\CSR_uEnergy_SDK-2.3.0.31\tools\lib\CSR101x_A05\libgatt_lib_ram.a(patch_pmu.o)
 .text          0x00000000        0x0 C:\CSR_uEnergy_SDK-2.3.0.31\tools\lib\CSR101x_A05\libgatt_lib_ram.a(patch_thermometer.o)
 .data          0x00000000        0x0 C:\CSR_uEnergy_SDK-2.3.0.31\tools\lib\CSR101x_A05\libgatt_lib_ram.a(patch_thermometer.o)
 .bss           0x00000000        0x0 C:\CSR_uEnergy_SDK-2.3.0.31\tools\lib\CSR101x_A05\libgatt_lib_ram.a(patch_thermometer.o)

Memory Configuration

Name             Origin             Length             Attributes
*default*        0x00000000         0xffffffff

Linker script and memory map

LOAD depend_Release_CSR101x_A05\app_gatt_db.o
LOAD depend_Release_CSR101x_A05\battery_service.o
LOAD depend_Release_CSR101x_A05\gap_service.o
LOAD depend_Release_CSR101x_A05\eeg_service.o
LOAD depend_Release_CSR101x_A05\eeg_sensor.o
LOAD depend_Release_CSR101x_A05\eeg_sensor_gatt.o
LOAD depend_Release_CSR101x_A05\eeg_sensor_hw.o
LOAD depend_Release_CSR101x_A05\nvm_access.o
LOAD depend_Release_CSR101x_A05\dev_info_service.o
LOAD C:\CSR_uEnergy_SDK-2.3.0.31\tools\lib\CSR101x_A05\libgatt_lib_ram.a
LOAD C:\CSR_uEnergy_SDK-2.3.0.31\tools\lib\CSR101x_A05\rom_img.elf
                0x00000000                PROG_RAM_START = 0x0
                0x00008000                PROG_RAM_SIZE = 0x8000
                0x00008000                PROG_ROM_START = 0x8000
                0x00008000                PROG_ROM_SIZE = 0x8000
                0x00002000                DATA_RAM_START = 0x2000
                0x00008000                DATA_RAM_SIZE = 0x8000
                0x000001b0                RADIOBUFS_SIZE = 0x1b0
                0x00000020                WHITELIST_SIZE = 0x20
                0x00000164                RADIODATA_SIZE = 0x164
                0x00000200                USTACK_SIZE = 0x200
                0x00000100                ISTACK_SIZE = 0x100
                0x00009f84                DATA_CSTORE_START = 0x9f84
                0x00000058                CSTORE_SIZE = 0x58
                0x00000004                SLT_SIZE = 0x4
                0x00000020                PRESERVE_SIZE = 0x20
                0x0000a000                DATA_RAM_END = 0xa000
                0x0000a000                DATA_ROM_START = 0xa000
                0x00004000                DATA_ROM_SIZE = 0x4000
                0x0000ef80                DATA_PERSIST_START = 0xef80
                0x00000080                DATA_PERSIST_SIZE = 0x80
                0x00009360                DATA_ROMDATA_START = 0x9360
                0x00000000                PROG_APPCODE_START = 0x0
                0x00006c00                PROG_APPCODE_END = 0x6c00
                0x00008c40                DATA_APPDATA_START = 0x8c40
                0x00008f00                DATA_APPDATA_END = 0x8f00
                0x80000000                $CODE$ = 0x80000000
                0x00000000                $DATA$ = 0x0
                0x0000ffe0                PROVIDE ($XAP_AH, 0xffe0)
                0x0000ffe1                PROVIDE ($XAP_AL, 0xffe1)
                0x0000ffe2                PROVIDE ($XAP_UXH, 0xffe2)
                0x0000ffe3                PROVIDE ($XAP_UXL, 0xffe3)
                0x0000ffe4                PROVIDE ($XAP_UY, 0xffe4)
                0x0000ffe5                PROVIDE ($XAP_IXH, 0xffe5)
                0x0000ffe6                PROVIDE ($XAP_IXL, 0xffe6)
                0x0000ffe7                PROVIDE ($XAP_IY, 0xffe7)
                0x00000008                . = 0x8

.app_ram_init   0x00000008        0x1
 *(RAM_APP_INIT)
 RAM_APP_INIT   0x00000008        0x1 C:\CSR_uEnergy_SDK-2.3.0.31\tools\lib\CSR101x_A05\libgatt_lib_ram.a(main_ram.o)
                0x00000008                main_ram_app_init

.fw_patch_bitmap
                0x00000009        0x6
 *(FW_PATCH_BITMAP)
 FW_PATCH_BITMAP
                0x00000009        0x6 C:\CSR_uEnergy_SDK-2.3.0.31\tools\lib\CSR101x_A05\libgatt_lib_ram.a(sw_patch_ram.o)
                0x00000009                patch_bitmap

.fw_patch_table
                0x0000000f        0x1
 *(FW_PATCH_TABLE)
 FW_PATCH_TABLE
                0x0000000f        0x1 C:\CSR_uEnergy_SDK-2.3.0.31\tools\lib\CSR101x_A05\libgatt_lib_ram.a(sw_patch_ram.o)
                0x0000000f                patch_table
                0x00000010                PROG_APPCODE_START = .

.text           0x00000010     0x196e load address 0x80000010
 *xap2crt0.o(.text)
 *xap2crt0.o(.text.*)
                0x00000010                PROG_PATCH_ADDRESS = .
 *(.hw_patch)
 .hw_patch      0x00000010      0x158 C:\CSR_uEnergy_SDK-2.3.0.31\tools\lib\CSR101x_A05\libgatt_lib_ram.a(patch_baldrick.o)
                0x00000010                hw_patch
 *(.text)
 .text          0x00000168       0x3d C:\CSR_uEnergy_SDK-2.3.0.31\tools\lib\CSR101x_A05\libgatt_lib_ram.a(sm_ram.o)
                0x00000197                SMDistributeMasterLtk
                0x00000168                ___libgatt_lib_db_476
                0x00000179                SMFeaturesReq
 .text          0x000001a5       0x26 C:\CSR_uEnergy_SDK-2.3.0.31\tools\lib\CSR101x_A05\libgatt_lib_ram.a(sm_div.o)
                0x000001b9                ___libgatt_lib_db_487
                0x000001a5                SMDivApproval
 .text          0x000001cb      0x187 C:\CSR_uEnergy_SDK-2.3.0.31\tools\lib\CSR101x_A05\libgatt_lib_ram.a(patch_sm.o)
                0x000002af                ___libgatt_lib_db_4591
                0x00000200                ___libgatt_lib_db_4582
                0x000001cb                ___libgatt_lib_db_4579
                0x00000303                ___libgatt_lib_db_4581
                0x00000233                ___libgatt_lib_db_4583
                0x00000286                ___libgatt_lib_db_4580
                0x00000290                ___libgatt_lib_db_4578
 *(.text.*)
 .text.GattGetDatabase
                0x00000352        0x8 depend_Release_CSR101x_A05\app_gatt_db.o
                0x00000352                GattGetDatabase
 .text.BatteryInitChipReset
                0x0000035a        0x4 depend_Release_CSR101x_A05\battery_service.o
                0x0000035a                BatteryInitChipReset
 .text.BatteryCheckHandleRange
                0x0000035e        0x7 depend_Release_CSR101x_A05\battery_service.o
                0x0000035e                BatteryCheckHandleRange
 .text.BatteryDataInit
                0x00000365        0x8 depend_Release_CSR101x_A05\battery_service.o
                0x00000365                BatteryDataInit
 .text.BatteryBondingNotify
                0x0000036d        0xe depend_Release_CSR101x_A05\battery_service.o
                0x0000036d                BatteryBondingNotify
 .text.BatteryReadDataFromNVM
                0x0000037b       0x17 depend_Release_CSR101x_A05\battery_service.o
                0x0000037b                BatteryReadDataFromNVM
 .text.readBatteryLevel
                0x00000392       0x28 depend_Release_CSR101x_A05\battery_service.o
 .text.BatteryUpdateLevel
                0x000003ba       0x1e depend_Release_CSR101x_A05\battery_service.o
                0x000003ba                BatteryUpdateLevel
 .text.BatteryHandleAccessWrite
                0x000003d8       0x3f depend_Release_CSR101x_A05\battery_service.o
                0x000003d8                BatteryHandleAccessWrite
 .text.BatteryHandleAccessRead
                0x00000417       0x34 depend_Release_CSR101x_A05\battery_service.o
                0x00000417                BatteryHandleAccessRead
 .text.GapCheckHandleRange
                0x0000044b        0x7 depend_Release_CSR101x_A05\gap_service.o
                0x0000044b                GapCheckHandleRange
 .text.GapGetNameAndLength
                0x00000452        0xc depend_Release_CSR101x_A05\gap_service.o
                0x00000452                GapGetNameAndLength
 .text.GapDataInit
                0x0000045e        0xb depend_Release_CSR101x_A05\gap_service.o
                0x0000045e                GapDataInit
 .text.gapWriteDeviceNameToNvm
                0x00000469       0x16 depend_Release_CSR101x_A05\gap_service.o
 .text.GapInitWriteDataToNVM
                0x0000047f        0xc depend_Release_CSR101x_A05\gap_service.o
                0x0000047f                GapInitWriteDataToNVM
 .text.GapReadDataFromNVM
                0x0000048b       0x24 depend_Release_CSR101x_A05\gap_service.o
                0x0000048b                GapReadDataFromNVM
 .text.GapHandleAccessRead
                0x000004af       0x2d depend_Release_CSR101x_A05\gap_service.o
                0x000004af                GapHandleAccessRead
 .text.GapHandleAccessWrite
                0x000004dc       0x2f depend_Release_CSR101x_A05\gap_service.o
                0x000004dc                GapHandleAccessWrite
 .text.HRInitChipReset
                0x0000050b        0x7 depend_Release_CSR101x_A05\eeg_service.o
                0x0000050b                HRInitChipReset
 .text.IsHeartRateNotifyEnabled
                0x00000512        0x4 depend_Release_CSR101x_A05\eeg_service.o
                0x00000512                IsHeartRateNotifyEnabled
 .text.HeartRateIncEnergyExpended
                0x00000516        0x5 depend_Release_CSR101x_A05\eeg_service.o
                0x00000516                HeartRateIncEnergyExpended
 .text.HeartRateGetEnergyExpended
                0x0000051b        0x3 depend_Release_CSR101x_A05\eeg_service.o
                0x0000051b                HeartRateGetEnergyExpended
 .text.count    0x0000051e        0xc depend_Release_CSR101x_A05\eeg_service.o
                0x0000051e                count
 .text.HeartRateCheckHandleRange
                0x0000052a        0x7 depend_Release_CSR101x_A05\eeg_service.o
                0x0000052a                HeartRateCheckHandleRange
 .text.HasExpendedEnergyBeenReset
                0x00000531        0x3 depend_Release_CSR101x_A05\eeg_service.o
                0x00000531                HasExpendedEnergyBeenReset
 .text.ClearTheEnergyExpendedResetFlag
                0x00000534        0x4 depend_Release_CSR101x_A05\eeg_service.o
                0x00000534                ClearTheEnergyExpendedResetFlag
 .text.HeartRateBondingNotify
                0x00000538        0xe depend_Release_CSR101x_A05\eeg_service.o
                0x00000538                HeartRateBondingNotify
 .text.HRDataInit
                0x00000546       0x11 depend_Release_CSR101x_A05\eeg_service.o
                0x00000546                HRDataInit
 .text.acquireData
                0x00000557       0x25 depend_Release_CSR101x_A05\eeg_service.o
                0x00000557                acquireData
 .text.HeartRateHandleAccessWrite
                0x0000057c       0x64 depend_Release_CSR101x_A05\eeg_service.o
                0x0000057c                HeartRateHandleAccessWrite
 .text.HeartRateHandleAccessRead
                0x000005e0       0x25 depend_Release_CSR101x_A05\eeg_service.o
                0x000005e0                HeartRateHandleAccessRead
 .text.HeartRateSendMeasValue
                0x00000605       0x1f depend_Release_CSR101x_A05\eeg_service.o
                0x00000605                HeartRateSendMeasValue
 .text.HeartRateReadDataFromNVM
                0x00000624       0x2d depend_Release_CSR101x_A05\eeg_service.o
                0x00000624                HeartRateReadDataFromNVM
 .text.AppPowerOnReset
                0x00000651        0x1 depend_Release_CSR101x_A05\eeg_sensor.o
                0x00000651                AppPowerOnReset
 .text.handleGapCppTimerExpiry
                0x00000652       0x1a depend_Release_CSR101x_A05\eeg_sensor.o
 .text.sendHRMeasurement
                0x0000066c       0x63 depend_Release_CSR101x_A05\eeg_sensor.o
 .text.StartSendingHRMeasurements
                0x000006cf        0xf depend_Release_CSR101x_A05\eeg_sensor.o
                0x000006cf                StartSendingHRMeasurements
 .text.hrSensorDataInit
                0x000006de       0x41 depend_Release_CSR101x_A05\eeg_sensor.o
 .text.AppProcessSystemEvent
                0x0000071f       0x15 depend_Release_CSR101x_A05\eeg_sensor.o
                0x0000071f                AppProcessSystemEvent
 .text.AppInit  0x00000734       0xa1 depend_Release_CSR101x_A05\eeg_sensor.o
                0x00000734                AppInit
 .text.AppIsDeviceBonded
                0x000007d5       0x19 depend_Release_CSR101x_A05\eeg_sensor.o
                0x000007d5                AppIsDeviceBonded
 .text.idleDormantTimerExpiryHandler
                0x000007ee        0xd depend_Release_CSR101x_A05\eeg_sensor.o
 .text.ReportPanic
                0x000007fb        0x3 depend_Release_CSR101x_A05\eeg_sensor.o
                0x000007fb                ReportPanic
 .text.requestConnParamUpdate
                0x000007fe       0x2f depend_Release_CSR101x_A05\eeg_sensor.o
 .text.hrMeasTimerHandler
                0x0000082d       0x18 depend_Release_CSR101x_A05\eeg_sensor.o
 .text.AppSetState
                0x00000845       0x6f depend_Release_CSR101x_A05\eeg_sensor.o
                0x00000845                AppSetState
 .text.HandleShortButtonPress
                0x000008b4       0x19 depend_Release_CSR101x_A05\eeg_sensor.o
                0x000008b4                HandleShortButtonPress
 .text.AppProcessLmEvent
                0x000008cd      0x276 depend_Release_CSR101x_A05\eeg_sensor.o
                0x000008cd                AppProcessLmEvent
 .text.HandleExtraLongButtonPress
                0x00000b43       0x38 depend_Release_CSR101x_A05\eeg_sensor.o
                0x00000b43                HandleExtraLongButtonPress
 .text.GetSupported16BitUUIDServiceList
                0x00000b7b        0xb depend_Release_CSR101x_A05\eeg_sensor_gatt.o
                0x00000b7b                GetSupported16BitUUIDServiceList
 .text.GattIsAddressResolvableRandom
                0x00000b86       0x11 depend_Release_CSR101x_A05\eeg_sensor_gatt.o
                0x00000b86                GattIsAddressResolvableRandom
 .text.GattStopAdverts
                0x00000b97        0x2 depend_Release_CSR101x_A05\eeg_sensor_gatt.o
                0x00000b97                GattStopAdverts
 .text.gattAdvertTimerHandler
                0x00000b99       0x27 depend_Release_CSR101x_A05\eeg_sensor_gatt.o
 .text.gattSetAdvertParams
                0x00000bc0       0xcf depend_Release_CSR101x_A05\eeg_sensor_gatt.o
 .text.GattStartAdverts
                0x00000c8f       0x30 depend_Release_CSR101x_A05\eeg_sensor_gatt.o
                0x00000c8f                GattStartAdverts
 .text.GattTriggerFastAdverts
                0x00000cbf       0x1f depend_Release_CSR101x_A05\eeg_sensor_gatt.o
                0x00000cbf                GattTriggerFastAdverts
 .text.HandleAccessWrite
                0x00000cde       0x2d depend_Release_CSR101x_A05\eeg_sensor_gatt.o
                0x00000cde                HandleAccessWrite
 .text.HandleAccessRead
                0x00000d0b       0x37 depend_Release_CSR101x_A05\eeg_sensor_gatt.o
                0x00000d0b                HandleAccessRead
 .text.HrHwDataInit
                0x00000d42        0xc depend_Release_CSR101x_A05\eeg_sensor_hw.o
                0x00000d42                HrHwDataInit
 .text.HandlePIOChangedEvent
                0x00000d4e       0x2d depend_Release_CSR101x_A05\eeg_sensor_hw.o
                0x00000d4e                HandlePIOChangedEvent
 .text.SoundBuzzer
                0x00000d7b       0x47 depend_Release_CSR101x_A05\eeg_sensor_hw.o
                0x00000d7b                SoundBuzzer
 .text.appBuzzerTimerHandler
                0x00000dc2       0x5e depend_Release_CSR101x_A05\eeg_sensor_hw.o
 .text.HrInitHardware
                0x00000e20       0x43 depend_Release_CSR101x_A05\eeg_sensor_hw.o
                0x00000e20                HrInitHardware
 .text.Nvm_Disable
                0x00000e63        0x9 depend_Release_CSR101x_A05\nvm_access.o
                0x00000e63                Nvm_Disable
 .text.Nvm_Write
                0x00000e6c        0xe depend_Release_CSR101x_A05\nvm_access.o
                0x00000e6c                Nvm_Write
 .text.Nvm_Read
                0x00000e7a        0xe depend_Release_CSR101x_A05\nvm_access.o
                0x00000e7a                Nvm_Read
 .text.DeviceInfoCheckHandleRange
                0x00000e88        0x6 depend_Release_CSR101x_A05\dev_info_service.o
                0x00000e88                DeviceInfoCheckHandleRange
 .text.DeviceInfoHandleAccessRead
                0x00000e8e        0xe depend_Release_CSR101x_A05\dev_info_service.o
                0x00000e8e                DeviceInfoHandleAccessRead
 .text.___libgatt_lib_db_4554
                0x00000e9c        0x7 C:\CSR_uEnergy_SDK-2.3.0.31\tools\lib\CSR101x_A05\libgatt_lib_ram.a(patch_ls_app_if.o)
                0x00000e9c                ___libgatt_lib_db_4554
 .text.patch_process_hci_event
                0x00000ea3       0x31 C:\CSR_uEnergy_SDK-2.3.0.31\tools\lib\CSR101x_A05\libgatt_lib_ram.a(patch_ls_app_if.o)
 .text.LsRadioEventNotification
                0x00000ed4        0xa C:\CSR_uEnergy_SDK-2.3.0.31\tools\lib\CSR101x_A05\libgatt_lib_ram.a(patch_ls_app_if.o)
                0x00000ed4                LsRadioEventNotification
 .text.LsReadTransmitPowerLevel
                0x00000ede        0x8 C:\CSR_uEnergy_SDK-2.3.0.31\tools\lib\CSR101x_A05\libgatt_lib_ram.a(ls_app_if_ram.o)
                0x00000ede                LsReadTransmitPowerLevel
 .text.___libgatt_lib_db_4563
                0x00000ee6        0xe C:\CSR_uEnergy_SDK-2.3.0.31\tools\lib\CSR101x_A05\libgatt_lib_ram.a(patch_ls_advertising_if.o)
                0x00000ee6                ___libgatt_lib_db_4563
 .text.GattInit
                0x00000ef4       0x21 C:\CSR_uEnergy_SDK-2.3.0.31\tools\lib\CSR101x_A05\libgatt_lib_ram.a(gatt_ram.o)
                0x00000ef4                GattInit
 .text.GattCancelConnectReq
                0x00000f15        0x6 C:\CSR_uEnergy_SDK-2.3.0.31\tools\lib\CSR101x_A05\libgatt_lib_ram.a(patch_gatt.o)
                0x00000f15                GattCancelConnectReq
 .text.DebugWriteString
                0x00000f1b        0xb C:\CSR_uEnergy_SDK-2.3.0.31\tools\lib\CSR101x_A05\libgatt_lib_ram.a(debug.o)
                0x00000f1b                DebugWriteString
 .text.DebugInit
                0x00000f26       0x21 C:\CSR_uEnergy_SDK-2.3.0.31\tools\lib\CSR101x_A05\libgatt_lib_ram.a(debug.o)
                0x00000f26                DebugInit
 .text.___libgatt_lib_db_4544
                0x00000f47       0x18 C:\CSR_uEnergy_SDK-2.3.0.31\tools\lib\CSR101x_A05\libgatt_lib_ram.a(patch_george.o)
                0x00000f47                ___libgatt_lib_db_4544
 .text.ram_le_connection_timeout_A05
                0x00000f5f       0x34 C:\CSR_uEnergy_SDK-2.3.0.31\tools\lib\CSR101x_A05\libgatt_lib_ram.a(patch_george.o)
 .text.___libgatt_lib_db_4594
                0x00000f93        0x8 C:\CSR_uEnergy_SDK-2.3.0.31\tools\lib\CSR101x_A05\libgatt_lib_ram.a(patch_george.o)
                0x00000f93                ___libgatt_lib_db_4594
 .text.___libgatt_lib_db_4599
                0x00000f9b       0x1b C:\CSR_uEnergy_SDK-2.3.0.31\tools\lib\CSR101x_A05\libgatt_lib_ram.a(patch_george.o)
                0x00000f9b                ___libgatt_lib_db_4599
 .text.___libgatt_lib_db_4600
                0x00000fb6        0xc C:\CSR_uEnergy_SDK-2.3.0.31\tools\lib\CSR101x_A05\libgatt_lib_ram.a(patch_george.o)
                0x00000fb6                ___libgatt_lib_db_4600
 .text.___libgatt_lib_db_4598
                0x00000fc2       0xde C:\CSR_uEnergy_SDK-2.3.0.31\tools\lib\CSR101x_A05\libgatt_lib_ram.a(patch_george.o)
                0x00000fc2                ___libgatt_lib_db_4598
 .text.rx_timing_report
                0x000010a0       0xb1 C:\CSR_uEnergy_SDK-2.3.0.31\tools\lib\CSR101x_A05\libgatt_lib_ram.a(patch_george.o)
 .text.ram_le_handle_event
                0x00001151      0x12c C:\CSR_uEnergy_SDK-2.3.0.31\tools\lib\CSR101x_A05\libgatt_lib_ram.a(patch_george.o)
 .text.___libgatt_lib_db_4550
                0x0000127d       0x1c C:\CSR_uEnergy_SDK-2.3.0.31\tools\lib\CSR101x_A05\libgatt_lib_ram.a(patch_george.o)
                0x0000127d                ___libgatt_lib_db_4550
 .text.___libgatt_lib_db_4549
                0x00001299       0x1c C:\CSR_uEnergy_SDK-2.3.0.31\tools\lib\CSR101x_A05\libgatt_lib_ram.a(patch_george.o)
                0x00001299                ___libgatt_lib_db_4549
 .text.___libgatt_lib_db_4609
                0x000012b5        0xc C:\CSR_uEnergy_SDK-2.3.0.31\tools\lib\CSR101x_A05\libgatt_lib_ram.a(patch_george_ll.o)
                0x000012b5                ___libgatt_lib_db_4609
 .text.___libgatt_lib_db_4608
                0x000012c1       0x11 C:\CSR_uEnergy_SDK-2.3.0.31\tools\lib\CSR101x_A05\libgatt_lib_ram.a(patch_george_ll.o)
                0x000012c1                ___libgatt_lib_db_4608
 .text.___libgatt_lib_db_4610
                0x000012d2      0x125 C:\CSR_uEnergy_SDK-2.3.0.31\tools\lib\CSR101x_A05\libgatt_lib_ram.a(patch_george_ll.o)
                0x000012d2                ___libgatt_lib_db_4610
 .text.___libgatt_lib_db_4619
                0x000013f7       0x16 C:\CSR_uEnergy_SDK-2.3.0.31\tools\lib\CSR101x_A05\libgatt_lib_ram.a(patch_dbase.o)
                0x000013f7                ___libgatt_lib_db_4619
 .text.___libgatt_lib_db_4620
                0x0000140d        0x7 C:\CSR_uEnergy_SDK-2.3.0.31\tools\lib\CSR101x_A05\libgatt_lib_ram.a(patch_dbase.o)
                0x0000140d                ___libgatt_lib_db_4620
 .text.___libgatt_lib_db_4640
                0x00001414        0xc C:\CSR_uEnergy_SDK-2.3.0.31\tools\lib\CSR101x_A05\libgatt_lib_ram.a(hal_debugbus_state.o)
                0x00001414                ___libgatt_lib_db_4640
 .text.___libgatt_lib_db_4639
                0x00001420        0xc C:\CSR_uEnergy_SDK-2.3.0.31\tools\lib\CSR101x_A05\libgatt_lib_ram.a(hal_debugbus_state.o)
                0x00001420                ___libgatt_lib_db_4639
 .text.___libgatt_lib_db_4645
                0x0000142c        0x5 C:\CSR_uEnergy_SDK-2.3.0.31\tools\lib\CSR101x_A05\libgatt_lib_ram.a(patch_halradiotrim.o)
                0x0000142c                ___libgatt_lib_db_4645
 .text.RAM_set_tx_power_parameters
                0x00001431       0x57 C:\CSR_uEnergy_SDK-2.3.0.31\tools\lib\CSR101x_A05\libgatt_lib_ram.a(patch_halradiotrim.o)
 .text.___libgatt_lib_db_4646
                0x00001488        0xb C:\CSR_uEnergy_SDK-2.3.0.31\tools\lib\CSR101x_A05\libgatt_lib_ram.a(patch_halradiotrim.o)
                0x00001488                ___libgatt_lib_db_4646
 .text.___libgatt_lib_db_4644
                0x00001493        0xa C:\CSR_uEnergy_SDK-2.3.0.31\tools\lib\CSR101x_A05\libgatt_lib_ram.a(patch_halradiotrim.o)
                0x00001493                ___libgatt_lib_db_4644
 .text.___libgatt_lib_db_4654
                0x0000149d       0x24 C:\CSR_uEnergy_SDK-2.3.0.31\tools\lib\CSR101x_A05\libgatt_lib_ram.a(patch_timer.o)
                0x0000149d                ___libgatt_lib_db_4654
 .text.SleepRequest
                0x000014c1       0x95 C:\CSR_uEnergy_SDK-2.3.0.31\tools\lib\CSR101x_A05\libgatt_lib_ram.a(patch_sleeprequest.o)
                0x000014c1                SleepRequest
 .text.ram_app_init
                0x00001556       0x31 C:\CSR_uEnergy_SDK-2.3.0.31\tools\lib\CSR101x_A05\libgatt_lib_ram.a(main_ram.o)
                0x00001556                ram_app_init
 .text.___libgatt_lib_db_4364
                0x00001587        0x8 C:\CSR_uEnergy_SDK-2.3.0.31\tools\lib\CSR101x_A05\libgatt_lib_ram.a(hw_patch_install.o)
                0x00001587                ___libgatt_lib_db_4364
 .text.NvmConfigureI2cEeprom
                0x0000158f        0xd C:\CSR_uEnergy_SDK-2.3.0.31\tools\lib\CSR101x_A05\libgatt_lib_ram.a(patch_i2c_app_mem_mgr.o)
                0x0000158f                NvmConfigureI2cEeprom
 .text.new_disable_i2c
                0x0000159c        0xb C:\CSR_uEnergy_SDK-2.3.0.31\tools\lib\CSR101x_A05\libgatt_lib_ram.a(patch_i2c_app_mem_mgr.o)
 .text.AioRead  0x000015a7       0x43 C:\CSR_uEnergy_SDK-2.3.0.31\tools\lib\CSR101x_A05\libgatt_lib_ram.a(patch_robs_aio.o)
                0x000015a7                AioRead
 .text.IdGetLlVerBtle
                0x000015ea        0x2 C:\CSR_uEnergy_SDK-2.3.0.31\tools\lib\CSR101x_A05\libgatt_lib_ram.a(id_ram.o)
                0x000015ea                IdGetLlVerBtle
 .text.___libgatt_lib_db_4565
                0x000015ec        0xa C:\CSR_uEnergy_SDK-2.3.0.31\tools\lib\CSR101x_A05\libgatt_lib_ram.a(patch_ls_l2cap_if.o)
                0x000015ec                ___libgatt_lib_db_4565
 .text.___libgatt_lib_db_4567
                0x000015f6        0xe C:\CSR_uEnergy_SDK-2.3.0.31\tools\lib\CSR101x_A05\libgatt_lib_ram.a(patch_att_install.o)
                0x000015f6                ___libgatt_lib_db_4567
 .text.patch_att_handle_execute_write_req
                0x00001604       0xfe C:\CSR_uEnergy_SDK-2.3.0.31\tools\lib\CSR101x_A05\libgatt_lib_ram.a(patch_att_install.o)
 .text.patch_att_handle_read_multi_req
                0x00001702       0xbb C:\CSR_uEnergy_SDK-2.3.0.31\tools\lib\CSR101x_A05\libgatt_lib_ram.a(patch_att_install.o)
 .text.___libgatt_lib_db_4615
                0x000017bd       0x5a C:\CSR_uEnergy_SDK-2.3.0.31\tools\lib\CSR101x_A05\libgatt_lib_ram.a(patch_george_adv.o)
                0x000017bd                ___libgatt_lib_db_4615
 .text.___libgatt_lib_db_4616
                0x00001817       0x1b C:\CSR_uEnergy_SDK-2.3.0.31\tools\lib\CSR101x_A05\libgatt_lib_ram.a(patch_george_adv.o)
                0x00001817                ___libgatt_lib_db_4616
 .text.___libgatt_lib_db_4652
                0x00001832       0x4e C:\CSR_uEnergy_SDK-2.3.0.31\tools\lib\CSR101x_A05\libgatt_lib_ram.a(patch_halradio.o)
                0x00001832                ___libgatt_lib_db_4652
 .text.___libgatt_lib_db_4207
                0x00001880        0xd C:\CSR_uEnergy_SDK-2.3.0.31\tools\lib\CSR101x_A05\libgatt_lib_ram.a(patch_reset.o)
                0x00001880                ___libgatt_lib_db_4207
 .text.___libgatt_lib_db_4657
                0x0000188d        0x5 C:\CSR_uEnergy_SDK-2.3.0.31\tools\lib\CSR101x_A05\libgatt_lib_ram.a(patch_pools.o)
                0x0000188d                ___libgatt_lib_db_4657
 .text.___libgatt_lib_db_4660
                0x00001892        0xf C:\CSR_uEnergy_SDK-2.3.0.31\tools\lib\CSR101x_A05\libgatt_lib_ram.a(patch_background_loop.o)
                0x00001892                ___libgatt_lib_db_4660
 .text.___libgatt_lib_db_4662
                0x000018a1        0x5 C:\CSR_uEnergy_SDK-2.3.0.31\tools\lib\CSR101x_A05\libgatt_lib_ram.a(patch_fault.o)
                0x000018a1                ___libgatt_lib_db_4662
 .text.___libgatt_lib_db_4670
                0x000018a6       0x2e C:\CSR_uEnergy_SDK-2.3.0.31\tools\lib\CSR101x_A05\libgatt_lib_ram.a(patch_pmu.o)
                0x000018a6                ___libgatt_lib_db_4670
 .text.___libgatt_lib_db_4214
                0x000018d4       0xaa C:\CSR_uEnergy_SDK-2.3.0.31\tools\lib\CSR101x_A05\libgatt_lib_ram.a(patch_thermometer.o)
                0x000018d4                ___libgatt_lib_db_4214
 *(.apptext)
 *(.apptext.*)
 *xap2crte.o(.text)
 *xap2crte.o(.text.*)
                0x0000197e                PROG_APPCODE_END = .
                0x0000397e                DATA_CONST_START = (DATA_RAM_START + .)
                0x0000397e                . = DATA_CONST_START

.const
 *(CONST)
 *(CONST.*)
                0x0000397e                DATA_CONST_END = .
                0x0000397e                DATA_RODATA_START = .
                0x0000397f                . = (. + 0x1)

.rodata         0x0000397f       0x81
 *(.rodata)
 .rodata        0x0000397f        0x2 depend_Release_CSR101x_A05\eeg_sensor_gatt.o
 *(.rodata.*)
 .rodata.str2.2
                0x00003981       0x29 depend_Release_CSR101x_A05\eeg_service.o
 .rodata.AppSetState
                0x000039aa        0xb depend_Release_CSR101x_A05\eeg_sensor.o
 .rodata.C.2..2442.
                0x000039b5        0x3 depend_Release_CSR101x_A05\eeg_sensor_gatt.o
 .rodata.tx_power_table
                0x000039b8       0x28 C:\CSR_uEnergy_SDK-2.3.0.31\tools\lib\CSR101x_A05\libgatt_lib_ram.a(patch_halradiotrim.o)
                0x000039b8                ___libgatt_lib_db_4651
 .rodata.ram_build_identifier_integer
                0x000039e0        0x1 C:\CSR_uEnergy_SDK-2.3.0.31\tools\lib\CSR101x_A05\libgatt_lib_ram.a(id_ram.o)
                0x000039e0                ram_build_identifier_integer
 .rodata.ram_build_identifier_string
                0x000039e1       0x16 C:\CSR_uEnergy_SDK-2.3.0.31\tools\lib\CSR101x_A05\libgatt_lib_ram.a(id_ram.o)
                0x000039e1                ram_build_identifier_string
 .rodata.slut_extended
                0x000039f7        0x9 C:\CSR_uEnergy_SDK-2.3.0.31\tools\lib\CSR101x_A05\libgatt_lib_ram.a(slut.o)
                0x000039f7                ___libgatt_lib_db_4678
                0x00003a00                DATA_RODATA_END = .

.bss            0x00003a00      0x10b
                0x00003a00                DATA_BSS_APP_START = .
 *(.bss)
 .bss           0x00003a00        0x2 C:\CSR_uEnergy_SDK-2.3.0.31\tools\lib\CSR101x_A05\libgatt_lib_ram.a(patch_sm.o)
 *(.bss.*)
 .bss.g_batt_data
                0x00003a02        0x3 depend_Release_CSR101x_A05\battery_service.o
 .bss.g_gap_data
                0x00003a05        0x3 depend_Release_CSR101x_A05\gap_service.o
 .bss.test      0x00003a08        0x1 depend_Release_CSR101x_A05\eeg_service.o
 .bss.g_eeg_serv_data
                0x00003a09        0x7 depend_Release_CSR101x_A05\eeg_service.o
 .bss.meas_count.2829.
                0x00003a10        0x1 depend_Release_CSR101x_A05\eeg_sensor.o
 .bss.app_timers
                0x00003a11       0x24 depend_Release_CSR101x_A05\eeg_sensor.o
 .bss.__PATCH__ZERO_
                0x00003a35        0x1 C:\CSR_uEnergy_SDK-2.3.0.31\tools\lib\CSR101x_A05\libgatt_lib_ram.a(patch_ls_advertising_if.o)
 .bss.uart_rx_buffer
                0x00003a36       0x40 C:\CSR_uEnergy_SDK-2.3.0.31\tools\lib\CSR101x_A05\libgatt_lib_ram.a(debug.o)
 .bss.uart_tx_buffer
                0x00003a76       0x40 C:\CSR_uEnergy_SDK-2.3.0.31\tools\lib\CSR101x_A05\libgatt_lib_ram.a(debug.o)
 .bss.patch_pending
                0x00003ab6        0x1 C:\CSR_uEnergy_SDK-2.3.0.31\tools\lib\CSR101x_A05\libgatt_lib_ram.a(patch_george.o)
                0x00003ab6                patch_pending
 .bss.patch_rx_timing_report
                0x00003ab7        0x1 C:\CSR_uEnergy_SDK-2.3.0.31\tools\lib\CSR101x_A05\libgatt_lib_ram.a(patch_george.o)
                0x00003ab7                patch_rx_timing_report
 .bss.patch_pending_mode
                0x00003ab8        0x1 C:\CSR_uEnergy_SDK-2.3.0.31\tools\lib\CSR101x_A05\libgatt_lib_ram.a(patch_george.o)
                0x00003ab8                patch_pending_mode
 .bss.patch_conn_chm_update
                0x00003ab9        0x1 C:\CSR_uEnergy_SDK-2.3.0.31\tools\lib\CSR101x_A05\libgatt_lib_ram.a(patch_george.o)
                0x00003ab9                patch_conn_chm_update
 .bss.__PATCH__ZERO_
                0x00003aba        0x1 C:\CSR_uEnergy_SDK-2.3.0.31\tools\lib\CSR101x_A05\libgatt_lib_ram.a(patch_george.o)
 .bss.tx_power_table_entry
                0x00003abb        0x1 C:\CSR_uEnergy_SDK-2.3.0.31\tools\lib\CSR101x_A05\libgatt_lib_ram.a(patch_halradiotrim.o)
 .bss.__PATCH__ZERO_
                0x00003abc        0x1 C:\CSR_uEnergy_SDK-2.3.0.31\tools\lib\CSR101x_A05\libgatt_lib_ram.a(patch_timer.o)
 .bss.__PATCH__ZERO_
                0x00003abd        0x1 C:\CSR_uEnergy_SDK-2.3.0.31\tools\lib\CSR101x_A05\libgatt_lib_ram.a(patch_robs_aio.o)
 .bss.__PATCH__ZERO_
                0x00003abe        0x1 C:\CSR_uEnergy_SDK-2.3.0.31\tools\lib\CSR101x_A05\libgatt_lib_ram.a(patch_thermometer.o)
 COMMON         0x00003abf       0x42 depend_Release_CSR101x_A05\eeg_sensor.o
                0x00003abf                g_hr_data
 COMMON         0x00003b01        0x4 depend_Release_CSR101x_A05\eeg_sensor_hw.o
                0x00003b01                g_app_hw_data
 COMMON         0x00003b05        0x2 C:\CSR_uEnergy_SDK-2.3.0.31\tools\lib\CSR101x_A05\libgatt_lib_ram.a(patch_sm.o)
                0x00003b05                sm_long_term_key_ind
                0x00003b06                sm_pairing_auth_ind
 COMMON         0x00003b07        0x1 C:\CSR_uEnergy_SDK-2.3.0.31\tools\lib\CSR101x_A05\libgatt_lib_ram.a(patch_george.o)
                0x00003b07                enable_lowduty_directed_adv
 COMMON         0x00003b08        0x3 C:\CSR_uEnergy_SDK-2.3.0.31\tools\lib\CSR101x_A05\libgatt_lib_ram.a(patch_george_ll.o)
                0x00003b08                george_earliest_transmit_offset
                0x00003b0b                DATA_BSS_APP_END = .
                0x0000010b                BSS_APP_SIZE = (DATA_BSS_APP_END - DATA_BSS_APP_START)

.data           0x00003b0b       0xec
                0x00003b0b                DATA_DATA_START = .
 *(.data)
 *(.data.*)
 .data.gattDatabase
                0x00003b0b       0x90 depend_Release_CSR101x_A05\app_gatt_db.o
                0x00003b0b                gattDatabase
 .data.g_device_name
                0x00003b9b       0x16 depend_Release_CSR101x_A05\gap_service.o
                0x00003b9b                g_device_name
 .data.meas_report
                0x00003bb1       0x14 depend_Release_CSR101x_A05\eeg_service.o
 .data.pending_pdu_acks
                0x00003bc5        0x1 C:\CSR_uEnergy_SDK-2.3.0.31\tools\lib\CSR101x_A05\libgatt_lib_ram.a(patch_george_ll.o)
                0x00003bc5                ___libgatt_lib_db_4611
 .data.tgap_con_param_update
                0x00003bc6        0x1 C:\CSR_uEnergy_SDK-2.3.0.31\tools\lib\CSR101x_A05\libgatt_lib_ram.a(patch_timer.o)
                0x00003bc6                ___libgatt_lib_db_4656
 .data.patch_table_data
                0x00003bc7       0x30 C:\CSR_uEnergy_SDK-2.3.0.31\tools\lib\CSR101x_A05\libgatt_lib_ram.a(sw_patch_ram.o)
                0x00003bc7                ___libgatt_lib_db_4542
                0x00003bf7                DATA_DATA_END = .
                0x0000ef80                . = DATA_PERSIST_START

PERSIST_MEM
 *(PERSIST_MEM)
 *(PERSIST_MEM.*)
                0x0000ef80                DATA_PERSIST_MEM_END = .
                0x00009f84                . = DATA_CSTORE_START

CONFIG_STORE    0x00009f84       0x40
 *(CONFIG_STORE)
 CONFIG_STORE   0x00009f84       0x40 C:\CSR_uEnergy_SDK-2.3.0.31\tools\lib\CSR101x_A05\libgatt_lib_ram.a(CONFIG_STORE.o)
                0x00009f84                ___libgatt_lib_db_4269
 *(CONFIG_STORE.*)
                0x00009fc4                DATA_CSTORE_END = .
                0x00000040                CS_SIZE = (DATA_CSTORE_END - DATA_CSTORE_START)
                0x00009fdc                . = ((DATA_RAM_END - PRESERVE_SIZE) - SLT_SIZE)

SLT             0x00009fdc        0x4
                0x00009fdc                SLT_START = .
 *(SLT)
 SLT            0x00009fdc        0x4 C:\CSR_uEnergy_SDK-2.3.0.31\tools\lib\CSR101x_A05\libgatt_lib_ram.a(slut.o)
                0x00009fdc                slut
 *(SLT.*)

.preserved      0x00009fe0        0x0
                0x00009fe0                PRESERVED_START = .
 *(PRES_DATA)
 *(PRES_DATA.*)
                0x00009f84                STACK_END = DATA_CSTORE_START
                0x00009c84                . = ((STACK_END - ISTACK_SIZE) - USTACK_SIZE)

.stack          0x00009c84      0x300
                0x00009c84                STACK_START = .
                0x00009c84                USTACK_START = .
                0x00009e84                USTACK_END = (USTACK_START + USTACK_SIZE)
 *(USTACK)
 *(USTACK.*)
                0x00009e84                . = USTACK_END
 *fill*         0x00009c84      0x400 00
                0x00009e84                ISTACK_START = .
                0x00009f84                ISTACK_END = (ISTACK_START + ISTACK_SIZE)
 *(ISTACK)
 *(ISTACK.*)
                0x00009f84                . = ISTACK_END
 *fill*         0x00009e84      0x200 00
                0x00009c84                ALIGNED_DATA_END = STACK_START
                0x00009950                . = (((ALIGNED_DATA_END - RADIODATA_SIZE) - WHITELIST_SIZE) - RADIOBUFS_SIZE)

.aligned_data   0x00009950      0x334
                0x00009950                ALIGNED_DATA_START = .
                0x00009950                DATA_RADIOBUFS_START = .
 *(RADINITTBL)
                0x00009b00                . = (ALIGNED_DATA_START + RADIOBUFS_SIZE)
 *fill*         0x00009950      0x360 00
                0x00009b00                DATA_WHITELIST_START = .
                0x00009b20                . = (DATA_WHITELIST_START + WHITELIST_SIZE)
 *fill*         0x00009b00       0x40 00
 *(.romradiodata)
 .romradiodata  0x00009b20      0x164 C:\CSR_uEnergy_SDK-2.3.0.31\tools\lib\CSR101x_A05\libgatt_lib_ram.a(.romradiodata.o)
                0x00009b20                DATA_TIMERSTRUCT_START
                0x00009b80                ___libgatt_lib_db_4171
                0x00009b20                ___libgatt_lib_db_4173
                0x00009b80                DATA_RCLUTS_START
                0x00009c84                ALIGN_END_ACTUAL = .
                0x00000001                ASSERT ((DATA_APPDATA_END > DATA_DATA_END), RAM DATA exceeds limit.)
LOAD c:/csr_uenergy_sdk-2.3.0.31/tools/bin/../lib/gcc/xap-local-xap/4.3.4\libgcc.a
OUTPUT(depend_Release_CSR101x_A05\eeg_sensor.elf elf32-xap2)

.debug_abbrev   0x00000000      0x736
 .debug_abbrev  0x00000000       0x46 depend_Release_CSR101x_A05\app_gatt_db.o
 .debug_abbrev  0x0000008b       0xf6 depend_Release_CSR101x_A05\battery_service.o
 .debug_abbrev  0x00000276       0xff depend_Release_CSR101x_A05\gap_service.o
 .debug_abbrev  0x00000474      0x136 depend_Release_CSR101x_A05\eeg_service.o
 .debug_abbrev  0x000006e0      0x15c depend_Release_CSR101x_A05\eeg_sensor.o
 .debug_abbrev  0x00000997      0x109 depend_Release_CSR101x_A05\eeg_sensor_gatt.o
 .debug_abbrev  0x00000ba9       0x93 depend_Release_CSR101x_A05\eeg_sensor_hw.o
 .debug_abbrev  0x00000ccf       0x5b depend_Release_CSR101x_A05\nvm_access.o
 .debug_abbrev  0x00000d84       0x74 depend_Release_CSR101x_A05\dev_info_service.o

.debug_info     0x00000000     0x4305
 .debug_info    0x00000000       0x5f depend_Release_CSR101x_A05\app_gatt_db.o
 .debug_info    0x000000be      0x6d5 depend_Release_CSR101x_A05\battery_service.o
 .debug_info    0x00000e68      0x6c1 depend_Release_CSR101x_A05\gap_service.o
 .debug_info    0x00001bea      0x7a5 depend_Release_CSR101x_A05\eeg_service.o
 .debug_info    0x00002b34     0x198a depend_Release_CSR101x_A05\eeg_sensor.o
 .debug_info    0x00005e48      0xa24 depend_Release_CSR101x_A05\eeg_sensor_gatt.o
 .debug_info    0x00007290      0x1d0 depend_Release_CSR101x_A05\eeg_sensor_hw.o
 .debug_info    0x0000762f      0x213 depend_Release_CSR101x_A05\nvm_access.o
 .debug_info    0x00007a54      0x5db depend_Release_CSR101x_A05\dev_info_service.o

.debug_line     0x00000000      0xfe3
 .debug_line    0x00000000       0x59 depend_Release_CSR101x_A05\app_gatt_db.o
 .debug_line    0x000000b1      0x179 depend_Release_CSR101x_A05\battery_service.o
 .debug_line    0x000003a3      0x13f depend_Release_CSR101x_A05\gap_service.o
 .debug_line    0x00000620      0x1ee depend_Release_CSR101x_A05\eeg_service.o
 .debug_line    0x000009fc      0x608 depend_Release_CSR101x_A05\eeg_sensor.o
 .debug_line    0x0000160c      0x254 depend_Release_CSR101x_A05\eeg_sensor_gatt.o
 .debug_line    0x00001ab3      0x173 depend_Release_CSR101x_A05\eeg_sensor_hw.o
 .debug_line    0x00001d98       0xa0 depend_Release_CSR101x_A05\nvm_access.o
 .debug_line    0x00001ed7       0x78 depend_Release_CSR101x_A05\dev_info_service.o

.debug_frame    0x00000000      0x344
 .debug_frame   0x00000000       0x14 depend_Release_CSR101x_A05\app_gatt_db.o
 .debug_frame   0x00000028       0x6c depend_Release_CSR101x_A05\battery_service.o
 .debug_frame   0x00000100       0x64 depend_Release_CSR101x_A05\gap_service.o
 .debug_frame   0x000001c8       0xa4 depend_Release_CSR101x_A05\eeg_service.o
 .debug_frame   0x00000310       0xc0 depend_Release_CSR101x_A05\eeg_sensor.o
 .debug_frame   0x00000490       0x70 depend_Release_CSR101x_A05\eeg_sensor_gatt.o
 .debug_frame   0x00000570       0x44 depend_Release_CSR101x_A05\eeg_sensor_hw.o
 .debug_frame   0x000005f8       0x2c depend_Release_CSR101x_A05\nvm_access.o
 .debug_frame   0x00000650       0x1c depend_Release_CSR101x_A05\dev_info_service.o

.debug_loc      0x00000000      0x868
 .debug_loc     0x00000000       0x1f depend_Release_CSR101x_A05\app_gatt_db.o
 .debug_loc     0x0000003d      0x10b depend_Release_CSR101x_A05\battery_service.o
 .debug_loc     0x00000253      0x11f depend_Release_CSR101x_A05\gap_service.o
 .debug_loc     0x00000490      0x163 depend_Release_CSR101x_A05\eeg_service.o
 .debug_loc     0x00000756      0x294 depend_Release_CSR101x_A05\eeg_sensor.o
 .debug_loc     0x00000c7d       0xff depend_Release_CSR101x_A05\eeg_sensor_gatt.o
 .debug_loc     0x00000e7a       0x8f depend_Release_CSR101x_A05\eeg_sensor_hw.o
 .debug_loc     0x00000f97       0x75 depend_Release_CSR101x_A05\nvm_access.o
 .debug_loc     0x00001080       0x28 depend_Release_CSR101x_A05\dev_info_service.o

.debug_pubnames
                0x00000000      0x325
 .debug_pubnames
                0x00000000       0x1c depend_Release_CSR101x_A05\app_gatt_db.o
 .debug_pubnames
                0x00000037       0x70 depend_Release_CSR101x_A05\battery_service.o
 .debug_pubnames
                0x00000116       0x63 depend_Release_CSR101x_A05\gap_service.o
 .debug_pubnames
                0x000001dc       0xd4 depend_Release_CSR101x_A05\eeg_service.o
 .debug_pubnames
                0x00000383       0x80 depend_Release_CSR101x_A05\eeg_sensor.o
 .debug_pubnames
                0x00000482       0x64 depend_Release_CSR101x_A05\eeg_sensor_gatt.o
 .debug_pubnames
                0x0000054a       0x39 depend_Release_CSR101x_A05\eeg_sensor_hw.o
 .debug_pubnames
                0x000005bc       0x1f depend_Release_CSR101x_A05\nvm_access.o
 .debug_pubnames
                0x000005f9       0x28 depend_Release_CSR101x_A05\dev_info_service.o

.debug_aranges  0x00000000      0x17c
 .debug_aranges
                0x00000000       0x10 depend_Release_CSR101x_A05\app_gatt_db.o
 .debug_aranges
                0x00000020       0x30 depend_Release_CSR101x_A05\battery_service.o
 .debug_aranges
                0x00000080       0x2c depend_Release_CSR101x_A05\gap_service.o
 .debug_aranges
                0x000000d8       0x48 depend_Release_CSR101x_A05\eeg_service.o
 .debug_aranges
                0x00000168       0x4c depend_Release_CSR101x_A05\eeg_sensor.o
 .debug_aranges
                0x00000200       0x30 depend_Release_CSR101x_A05\eeg_sensor_gatt.o
 .debug_aranges
                0x00000260       0x20 depend_Release_CSR101x_A05\eeg_sensor_hw.o
 .debug_aranges
                0x000002a0       0x18 depend_Release_CSR101x_A05\nvm_access.o
 .debug_aranges
                0x000002d0       0x14 depend_Release_CSR101x_A05\dev_info_service.o

.debug_ranges   0x00000000      0x1ac
 .debug_ranges  0x00000000        0xc depend_Release_CSR101x_A05\app_gatt_db.o
 .debug_ranges  0x00000018       0x2c depend_Release_CSR101x_A05\battery_service.o
 .debug_ranges  0x00000070       0x28 depend_Release_CSR101x_A05\gap_service.o
 .debug_ranges  0x000000c0       0x44 depend_Release_CSR101x_A05\eeg_service.o
 .debug_ranges  0x00000148       0x84 depend_Release_CSR101x_A05\eeg_sensor.o
 .debug_ranges  0x00000250       0x44 depend_Release_CSR101x_A05\eeg_sensor_gatt.o
 .debug_ranges  0x000002d8       0x1c depend_Release_CSR101x_A05\eeg_sensor_hw.o
 .debug_ranges  0x00000310       0x14 depend_Release_CSR101x_A05\nvm_access.o
 .debug_ranges  0x00000338       0x10 depend_Release_CSR101x_A05\dev_info_service.o

.debug_str      0x00000000     0x2c51
 .debug_str     0x00000000       0x73 depend_Release_CSR101x_A05\app_gatt_db.o
                                 0x7f (size before relaxing)
 .debug_str     0x000000e5     0x1340 depend_Release_CSR101x_A05\battery_service.o
                               0x13c6 (size before relaxing)
 .debug_str     0x00002764       0x81 depend_Release_CSR101x_A05\gap_service.o
                               0x135f (size before relaxing)
 .debug_str     0x00002865      0x132 depend_Release_CSR101x_A05\eeg_service.o
                               0x1460 (size before relaxing)
 .debug_str     0x00002ac9     0x10ab depend_Release_CSR101x_A05\eeg_sensor.o
                               0x2407 (size before relaxing)
 .debug_str     0x00004c1e      0x3b3 depend_Release_CSR101x_A05\eeg_sensor_gatt.o
                               0x1b76 (size before relaxing)
 .debug_str     0x00005384      0x254 depend_Release_CSR101x_A05\eeg_sensor_hw.o
                                0x3f1 (size before relaxing)
 .debug_str     0x0000582c       0x16 depend_Release_CSR101x_A05\nvm_access.o
                                0x62a (size before relaxing)
 .debug_str     0x00005858       0x25 depend_Release_CSR101x_A05\dev_info_service.o
                               0x12f7 (size before relaxing)

.comment        0x00000000      0x444
 .comment       0x00000000       0x1a depend_Release_CSR101x_A05\app_gatt_db.o
 .comment       0x0000001a       0x1a depend_Release_CSR101x_A05\battery_service.o
 .comment       0x00000034       0x1a depend_Release_CSR101x_A05\gap_service.o
 .comment       0x0000004e       0x1a depend_Release_CSR101x_A05\eeg_service.o
 .comment       0x00000068       0x1a depend_Release_CSR101x_A05\eeg_sensor.o
 .comment       0x00000082       0x1a depend_Release_CSR101x_A05\eeg_sensor_gatt.o
 .comment       0x0000009c       0x1a depend_Release_CSR101x_A05\eeg_sensor_hw.o
 .comment       0x000000b6       0x1a depend_Release_CSR101x_A05\nvm_access.o
 .comment       0x000000d0       0x1a depend_Release_CSR101x_A05\dev_info_service.o
 .comment       0x000000ea       0x1a C:\CSR_uEnergy_SDK-2.3.0.31\tools\lib\CSR101x_A05\libgatt_lib_ram.a(patch_ls_app_if.o)
 .comment       0x00000104       0x1a C:\CSR_uEnergy_SDK-2.3.0.31\tools\lib\CSR101x_A05\libgatt_lib_ram.a(ls_app_if_ram.o)
 .comment       0x0000011e       0x1a C:\CSR_uEnergy_SDK-2.3.0.31\tools\lib\CSR101x_A05\libgatt_lib_ram.a(patch_ls_advertising_if.o)
 .comment       0x00000138       0x1a C:\CSR_uEnergy_SDK-2.3.0.31\tools\lib\CSR101x_A05\libgatt_lib_ram.a(gatt_ram.o)
 .comment       0x00000152       0x1a C:\CSR_uEnergy_SDK-2.3.0.31\tools\lib\CSR101x_A05\libgatt_lib_ram.a(patch_gatt.o)
 .comment       0x0000016c       0x1a C:\CSR_uEnergy_SDK-2.3.0.31\tools\lib\CSR101x_A05\libgatt_lib_ram.a(sm_ram.o)
 .comment       0x00000186       0x1a C:\CSR_uEnergy_SDK-2.3.0.31\tools\lib\CSR101x_A05\libgatt_lib_ram.a(sm_div.o)
 .comment       0x000001a0       0x1a C:\CSR_uEnergy_SDK-2.3.0.31\tools\lib\CSR101x_A05\libgatt_lib_ram.a(patch_sm.o)
 .comment       0x000001ba       0x1a C:\CSR_uEnergy_SDK-2.3.0.31\tools\lib\CSR101x_A05\libgatt_lib_ram.a(debug.o)
 .comment       0x000001d4       0x1a C:\CSR_uEnergy_SDK-2.3.0.31\tools\lib\CSR101x_A05\libgatt_lib_ram.a(patch_george.o)
 .comment       0x000001ee       0x1a C:\CSR_uEnergy_SDK-2.3.0.31\tools\lib\CSR101x_A05\libgatt_lib_ram.a(patch_george_ll.o)
 .comment       0x00000208       0x1a C:\CSR_uEnergy_SDK-2.3.0.31\tools\lib\CSR101x_A05\libgatt_lib_ram.a(patch_dbase.o)
 .comment       0x00000222       0x1a C:\CSR_uEnergy_SDK-2.3.0.31\tools\lib\CSR101x_A05\libgatt_lib_ram.a(hal_debugbus_state.o)
 .comment       0x0000023c       0x1a C:\CSR_uEnergy_SDK-2.3.0.31\tools\lib\CSR101x_A05\libgatt_lib_ram.a(patch_halradiotrim.o)
 .comment       0x00000256       0x1a C:\CSR_uEnergy_SDK-2.3.0.31\tools\lib\CSR101x_A05\libgatt_lib_ram.a(patch_timer.o)
 .comment       0x00000270       0x1a C:\CSR_uEnergy_SDK-2.3.0.31\tools\lib\CSR101x_A05\libgatt_lib_ram.a(patch_sleeprequest.o)
 .comment       0x0000028a       0x1a C:\CSR_uEnergy_SDK-2.3.0.31\tools\lib\CSR101x_A05\libgatt_lib_ram.a(main_ram.o)
 .comment       0x000002a4       0x1a C:\CSR_uEnergy_SDK-2.3.0.31\tools\lib\CSR101x_A05\libgatt_lib_ram.a(hw_patch_install.o)
 .comment       0x000002be       0x1a C:\CSR_uEnergy_SDK-2.3.0.31\tools\lib\CSR101x_A05\libgatt_lib_ram.a(patch_i2c_app_mem_mgr.o)
 .comment       0x000002d8       0x1a C:\CSR_uEnergy_SDK-2.3.0.31\tools\lib\CSR101x_A05\libgatt_lib_ram.a(patch_robs_aio.o)
 .comment       0x000002f2       0x1a C:\CSR_uEnergy_SDK-2.3.0.31\tools\lib\CSR101x_A05\libgatt_lib_ram.a(id_ram.o)
 .comment       0x0000030c       0x1a C:\CSR_uEnergy_SDK-2.3.0.31\tools\lib\CSR101x_A05\libgatt_lib_ram.a(slut.o)
 .comment       0x00000326       0x1a C:\CSR_uEnergy_SDK-2.3.0.31\tools\lib\CSR101x_A05\libgatt_lib_ram.a(sw_patch_ram.o)
 .comment       0x00000340       0x1a C:\CSR_uEnergy_SDK-2.3.0.31\tools\lib\CSR101x_A05\libgatt_lib_ram.a(patch_ls_l2cap_if.o)
 .comment       0x0000035a       0x1a C:\CSR_uEnergy_SDK-2.3.0.31\tools\lib\CSR101x_A05\libgatt_lib_ram.a(patch_att_install.o)
 .comment       0x00000374       0x1a C:\CSR_uEnergy_SDK-2.3.0.31\tools\lib\CSR101x_A05\libgatt_lib_ram.a(patch_george_adv.o)
 .comment       0x0000038e       0x1a C:\CSR_uEnergy_SDK-2.3.0.31\tools\lib\CSR101x_A05\libgatt_lib_ram.a(patch_halradio.o)
 .comment       0x000003a8       0x1a C:\CSR_uEnergy_SDK-2.3.0.31\tools\lib\CSR101x_A05\libgatt_lib_ram.a(patch_reset.o)
 .comment       0x000003c2       0x1a C:\CSR_uEnergy_SDK-2.3.0.31\tools\lib\CSR101x_A05\libgatt_lib_ram.a(patch_pools.o)
 .comment       0x000003dc       0x1a C:\CSR_uEnergy_SDK-2.3.0.31\tools\lib\CSR101x_A05\libgatt_lib_ram.a(patch_background_loop.o)
 .comment       0x000003f6       0x1a C:\CSR_uEnergy_SDK-2.3.0.31\tools\lib\CSR101x_A05\libgatt_lib_ram.a(patch_fault.o)
 .comment       0x00000410       0x1a C:\CSR_uEnergy_SDK-2.3.0.31\tools\lib\CSR101x_A05\libgatt_lib_ram.a(patch_pmu.o)
 .comment       0x0000042a       0x1a C:\CSR_uEnergy_SDK-2.3.0.31\tools\lib\CSR101x_A05\libgatt_lib_ram.a(patch_thermometer.o)
